// Bun Snapshot v1, https://bun.sh/docs/test/snapshots

exports[`use-all-bundled agent exposure every bundled handler keeps its recorded expose and risk 1`] = `
[
  "audit:query:details expose=true risk=low",
  "audit:query:list expose=true risk=low",
  "auth-email-password:query:invite-info expose=false risk=low",
  "auth-email-password:query:signup-registration-status expose=true risk=low",
  "auth-email-password:write:change-password expose=false risk=mid",
  "auth-email-password:write:confirm-account-unlock expose=false risk=mid",
  "auth-email-password:write:invite-accept expose=false risk=mid",
  "auth-email-password:write:invite-accept-with-login expose=false risk=mid",
  "auth-email-password:write:invite-create expose=true risk=mid",
  "auth-email-password:write:invite-signup-complete expose=false risk=mid",
  "auth-email-password:write:login expose=false risk=mid",
  "auth-email-password:write:logout expose=true risk=mid",
  "auth-email-password:write:request-account-unlock expose=true risk=mid",
  "auth-email-password:write:request-email-verification expose=true risk=mid",
  "auth-email-password:write:request-password-reset expose=true risk=mid",
  "auth-email-password:write:reset-password expose=false risk=mid",
  "auth-email-password:write:signup-confirm expose=false risk=mid",
  "auth-email-password:write:signup-request expose=true risk=mid",
  "auth-email-password:write:switch-tenant-mfa-gate expose=false risk=mid",
  "auth-email-password:write:system-invite-create expose=false risk=mid",
  "auth-email-password:write:verify-email expose=false risk=mid",
  "auth-mfa:query:user-mfa:status expose=true risk=low",
  "auth-mfa:write:disable expose=true risk=high",
  "auth-mfa:write:enable-confirm expose=true risk=high",
  "auth-mfa:write:enable-confirm-preauth expose=false risk=mid",
  "auth-mfa:write:enable-start expose=false risk=mid",
  "auth-mfa:write:enable-start-preauth expose=false risk=mid",
  "auth-mfa:write:regenerate-recovery expose=false risk=mid",
  "auth-mfa:write:verify expose=false risk=mid",
  "billing-foundation:query:subscription:list expose=true risk=low",
  "billing-foundation:write:create-checkout-session expose=true risk=mid",
  "billing-foundation:write:create-portal-session expose=true risk=mid",
  "billing-foundation:write:process-event expose=false risk=mid",
  "billing-foundation:write:process-payment-event expose=false risk=mid",
  "billing-foundation:write:sync-subscription expose=false risk=mid",
  "cap-counter:query:cap-counter:list expose=true risk=low",
  "cap-counter:query:get-counter expose=true risk=low",
  "cap-counter:write:increment expose=false risk=mid",
  "cap-counter:write:increment-rolling expose=false risk=mid",
  "cap-counter:write:mark-soft-warned expose=false risk=mid",
  "cap-overview:query:caps:usage expose=true risk=low",
  "cap-overview:query:tenant-caps:list expose=true risk=low",
  "cap-overview:query:tenant-options expose=true risk=low",
  "channel-in-app:query:inbox expose=true risk=low",
  "channel-in-app:query:unreadCount expose=true risk=low",
  "channel-in-app:write:markAllRead expose=true risk=mid",
  "channel-in-app:write:markRead expose=true risk=mid",
  "compliance-profiles-ops:query:tenants-missing-profile expose=true risk=low",
  "compliance-profiles:query:for-tenant expose=true risk=low",
  "compliance-profiles:query:list-profiles expose=true risk=low",
  "compliance-profiles:query:needs-profile expose=true risk=low",
  "compliance-profiles:query:sub-processors expose=true risk=low",
  "compliance-profiles:write:set-profile expose=true risk=mid",
  "config:query:cascade expose=true risk=low",
  "config:query:config-value:selected-extensions expose=false risk=low",
  "config:query:readiness expose=true risk=low",
  "config:query:schema expose=true risk=low",
  "config:query:values expose=true risk=low",
  "config:write:reset expose=true risk=high",
  "config:write:set expose=true risk=mid",
  "crypto-shredding:write:forget-subject expose=false risk=high",
  "custom-fields:query:field-definition:list expose=true risk=low",
  "custom-fields:write:clear-custom-field expose=true risk=mid",
  "custom-fields:write:define-system-field expose=true risk=mid",
  "custom-fields:write:define-tenant-field expose=true risk=mid",
  "custom-fields:write:delete-system-field expose=true risk=high",
  "custom-fields:write:delete-tenant-field expose=true risk=high",
  "custom-fields:write:set-custom-field expose=true risk=mid",
  "custom-fields:write:update-tenant-field expose=true risk=mid",
  "data-retention:query:policy-for expose=true risk=low",
  "delivery:query:log expose=true risk=low",
  "delivery:query:preferences expose=true risk=low",
  "delivery:write:resubscribeAddress expose=false risk=high",
  "delivery:write:resubscribeUser expose=false risk=mid",
  "delivery:write:setPreference expose=true risk=mid",
  "delivery:write:unsubscribeAddress expose=false risk=mid",
  "delivery:write:unsubscribeUser expose=false risk=mid",
  "feature-toggles:query:list expose=true risk=low",
  "feature-toggles:query:registered expose=true risk=low",
  "feature-toggles:write:set expose=true risk=mid",
  "file-derivatives:query:public-variant expose=false risk=low",
  "folders:query:folder-assignment:list expose=true risk=low",
  "folders:query:folder:detail expose=true risk=low",
  "folders:query:folder:list expose=true risk=low",
  "folders:write:clear-folder expose=true risk=mid",
  "folders:write:folder:create expose=true risk=mid",
  "folders:write:folder:delete expose=true risk=high",
  "folders:write:folder:update expose=true risk=mid",
  "folders:write:set-folder expose=true risk=mid",
  "form-draft:query:get expose=true risk=low",
  "form-draft:query:list expose=true risk=low",
  "form-draft:write:discard expose=true risk=high",
  "form-draft:write:save expose=true risk=mid",
  "inbound-mail-foundation:query:account:list expose=true risk=low",
  "inbound-mail-foundation:query:message:list expose=true risk=low",
  "inbound-mail-foundation:write:connect-account expose=true risk=mid",
  "inbound-mail-foundation:write:disconnect-account expose=true risk=high",
  "inbound-mail-foundation:write:ingest-message expose=false risk=mid",
  "inbound-mail-foundation:write:update-account expose=true risk=mid",
  "jobs:query:catalog expose=true risk=low",
  "jobs:query:details expose=true risk=low",
  "jobs:query:failures expose=true risk=low",
  "jobs:query:list expose=true risk=low",
  "jobs:write:retry expose=true risk=mid",
  "jobs:write:trigger expose=true risk=mid",
  "ledger:query:account:detail expose=true risk=low",
  "ledger:query:account:list expose=true risk=low",
  "ledger:query:report:balance-sheet expose=true risk=low",
  "ledger:query:report:balances expose=true risk=low",
  "ledger:query:report:income-statement expose=true risk=low",
  "ledger:query:schedule:detail expose=true risk=low",
  "ledger:query:schedule:list expose=true risk=low",
  "ledger:query:transaction:detail expose=true risk=low",
  "ledger:query:transaction:list expose=true risk=low",
  "ledger:write:account:create expose=true risk=mid",
  "ledger:write:account:update expose=true risk=mid",
  "ledger:write:confirm-schedule-period expose=true risk=mid",
  "ledger:write:create-transaction expose=true risk=mid",
  "ledger:write:reverse-transaction expose=true risk=mid",
  "ledger:write:schedule:create expose=true risk=mid",
  "ledger:write:schedule:update expose=true risk=mid",
  "managed-pages:query:branding expose=true risk=low",
  "managed-pages:query:by-slug expose=true risk=low",
  "managed-pages:query:by-tenant-published expose=true risk=low",
  "managed-pages:query:page:detail expose=true risk=low",
  "managed-pages:query:page:list expose=true risk=low",
  "managed-pages:write:page:create expose=true risk=mid",
  "managed-pages:write:page:delete expose=true risk=high",
  "managed-pages:write:page:update expose=true risk=mid",
  "managed-pages:write:set expose=true risk=mid",
  "metrics-system:query:active-tenants expose=true risk=low",
  "metrics-system:query:active-users expose=true risk=low",
  "metrics-system:query:audit-writes expose=true risk=low",
  "metrics-system:query:deliveries-by-channel expose=true risk=low",
  "metrics-system:query:failed-deliveries expose=true risk=low",
  "metrics-system:query:failed-job-runs expose=true risk=low",
  "metrics-system:query:job-runs-by-status expose=true risk=low",
  "metrics-system:query:tenant-job-failures expose=true risk=low",
  "metrics:query:active-users expose=true risk=low",
  "metrics:query:audit-writes expose=true risk=low",
  "metrics:query:deliveries-by-channel expose=true risk=low",
  "metrics:query:failed-deliveries expose=true risk=low",
  "metrics:query:tenant-job-failures expose=true risk=low",
  "notes-demo:query:note:detail expose=true risk=low",
  "notes-demo:query:note:list expose=true risk=low",
  "notes-demo:write:note:create expose=true risk=mid",
  "notes-demo:write:note:delete expose=true risk=high",
  "notes-demo:write:note:update expose=true risk=mid",
  "notes-history:query:note-entry:list expose=true risk=low",
  "notes-history:write:add-note expose=true risk=mid",
  "personal-access-tokens:query:available-scopes expose=true risk=low",
  "personal-access-tokens:query:mine expose=true risk=low",
  "personal-access-tokens:write:create expose=false risk=mid",
  "personal-access-tokens:write:revoke expose=true risk=high",
  "rate-limiting:query:status expose=true risk=low",
  "readiness:query:status expose=true risk=low",
  "secrets:query:list expose=true risk=low",
  "secrets:write:delete expose=true risk=high",
  "secrets:write:set expose=false risk=mid",
  "seo:query:config expose=true risk=low",
  "sessions:query:user-session:detail expose=true risk=high",
  "sessions:query:user-session:list expose=true risk=low",
  "sessions:query:user-session:mine expose=true risk=low",
  "sessions:write:user-session:revoke expose=true risk=high",
  "sessions:write:user-session:revoke-all-for-user expose=true risk=high",
  "sessions:write:user-session:revoke-all-others expose=true risk=high",
  "tags:query:tag-assignment:list expose=true risk=low",
  "tags:query:tag:detail expose=true risk=low",
  "tags:query:tag:list expose=true risk=low",
  "tags:write:assign-tag expose=true risk=mid",
  "tags:write:create-tag expose=true risk=mid",
  "tags:write:delete-tag expose=true risk=high",
  "tags:write:remove-tag expose=true risk=mid",
  "tags:write:tag:create expose=true risk=mid",
  "tags:write:tag:delete expose=true risk=high",
  "tags:write:tag:update expose=true risk=mid",
  "tags:write:update-tag expose=true risk=mid",
  "template-resolver:query:by-slug expose=true risk=low",
  "template-resolver:query:by-tenant expose=true risk=low",
  "template-resolver:query:find-by-id expose=true risk=low",
  "template-resolver:query:list expose=true risk=low",
  "template-resolver:query:reply-snippets-item expose=true risk=low",
  "template-resolver:query:reply-snippets-list expose=true risk=low",
  "template-resolver:query:signatures-item expose=true risk=low",
  "template-resolver:query:signatures-list expose=true risk=low",
  "template-resolver:write:archive expose=true risk=mid",
  "template-resolver:write:publish expose=true risk=mid",
  "template-resolver:write:reply-snippets-set expose=true risk=mid",
  "template-resolver:write:set expose=true risk=mid",
  "template-resolver:write:signatures-set expose=true risk=mid",
  "template-resolver:write:upsert-system expose=true risk=mid",
  "template-resolver:write:upsert-tenant expose=true risk=mid",
  "tenant-handover:write:claim expose=false risk=mid",
  "tenant-lifecycle:write:cancel-destruction expose=true risk=mid",
  "tenant-lifecycle:write:request-destruction expose=true risk=high",
  "tenant:query:activeTenantIds expose=true risk=low",
  "tenant:query:invitations expose=true risk=high",
  "tenant:query:list expose=true risk=low",
  "tenant:query:me expose=true risk=low",
  "tenant:query:memberDirectory expose=false risk=low",
  "tenant:query:members expose=true risk=high",
  "tenant:query:memberships expose=true risk=low",
  "tenant:query:resolveUserIds expose=false risk=low",
  "tenant:query:team:list expose=true risk=low",
  "tenant:query:tenant:detail expose=true risk=low",
  "tenant:query:tenant:list expose=false risk=low",
  "tenant:query:tenantDirectory expose=false risk=low",
  "tenant:write:addMember expose=true risk=mid",
  "tenant:write:cancel-invitation expose=true risk=mid",
  "tenant:write:create expose=true risk=mid",
  "tenant:write:disable expose=true risk=mid",
  "tenant:write:enable expose=true risk=mid",
  "tenant:write:removeMember expose=true risk=high",
  "tenant:write:tenant:update expose=false risk=mid",
  "tenant:write:update expose=true risk=mid",
  "tenant:write:updateMemberRoles expose=true risk=mid",
  "tier-engine:query:get-active-tier expose=true risk=low",
  "tier-engine:query:get-tenant-tier expose=true risk=low",
  "tier-engine:query:tier-assignment:list expose=true risk=low",
  "tier-engine:query:tier-options expose=true risk=low",
  "tier-engine:write:set-tenant-tier expose=true risk=mid",
  "tier-engine:write:tier-assignment:create expose=false risk=mid",
  "tier-engine:write:tier-assignment:update expose=false risk=mid",
  "user-data-rights:query:download-attempt:list expose=true risk=high",
  "user-data-rights:query:download-by-job expose=true risk=low",
  "user-data-rights:query:download-by-token expose=false risk=low",
  "user-data-rights:query:export-job:detail expose=true risk=low",
  "user-data-rights:query:export-job:list expose=true risk=low",
  "user-data-rights:query:export-status expose=true risk=low",
  "user-data-rights:query:list-download-attempts expose=true risk=high",
  "user-data-rights:query:my-audit-log expose=true risk=low",
  "user-data-rights:write:cancel-deletion expose=true risk=mid",
  "user-data-rights:write:confirm-deletion-by-token expose=false risk=mid",
  "user-data-rights:write:lift-restriction expose=true risk=mid",
  "user-data-rights:write:request-deletion expose=true risk=high",
  "user-data-rights:write:request-deletion-by-email expose=true risk=high",
  "user-data-rights:write:request-export expose=true risk=mid",
  "user-data-rights:write:restrict-account expose=true risk=high",
  "user-data-rights:write:run-forget-cleanup expose=false risk=high",
  "user-profile:write:change-email expose=false risk=mid",
  "user:query:user:detail expose=true risk=high",
  "user:query:user:find-for-auth expose=false risk=low",
  "user:query:user:list expose=true risk=high",
  "user:query:user:me expose=true risk=low",
  "user:write:user:create expose=true risk=mid",
  "user:write:user:update expose=true risk=mid",
  "waitlist:query:waitlistEntry:list expose=true risk=high",
  "waitlist:write:invite expose=true risk=high",
  "waitlist:write:reject expose=true risk=mid",
  "waitlist:write:submit expose=true risk=mid",
  "workflow-runner:write:resume-run expose=false risk=mid",
]
`;
